Microchip Technology Inc, v1.36 (A)

Tool Name:
  c:\program files (x86)\microchip\xc16\v1.36\bin\bin\..\bin/elf-ld.exe

Command:
  -p24HJ128GP502 \
  -o \
  dist/default/production/temperature_alarm.X.production.elf \
  -Lc:/program files (x86)/microchip/xc16/v1.36/bin/bin/.. \
  -Lc:/program files (x86)/microchip/xc16/v1.36/bin/bin/../../lib \
  -Lc:/program files (x86)/microchip/xc16/v1.36/bin/bin/../../support/PIC24E/gld \
  -Lc:/program files (x86)/microchip/xc16/v1.36/bin/bin/../../support/PIC24F/gld \
  -Lc:/program files (x86)/microchip/xc16/v1.36/bin/bin/../../support/PIC24H/gld \
  -Lc:/program files (x86)/microchip/xc16/v1.36/bin/bin/../../support/dsPIC30F/gld \
  -Lc:/program files (x86)/microchip/xc16/v1.36/bin/bin/../../support/dsPIC33C/gld \
  -Lc:/program files (x86)/microchip/xc16/v1.36/bin/bin/../../support/dsPIC33E/gld \
  -Lc:/program files (x86)/microchip/xc16/v1.36/bin/bin/../../support/dsPIC33F/gld \
  build/default/production/_ext/387578564/dataXfer.o \
  build/default/production/_ext/387578564/dataXferImpl.o \
  build/default/production/_ext/387578564/pic24_adc.o \
  build/default/production/_ext/387578564/pic24_clockfreq.o \
  build/default/production/_ext/387578564/pic24_configbits.o \
  build/default/production/_ext/387578564/pic24_ecan.o \
  build/default/production/_ext/387578564/pic24_flash.o \
  build/default/production/_ext/387578564/pic24_i2c.o \
  build/default/production/_ext/387578564/pic24_serial.o \
  build/default/production/_ext/387578564/pic24_spi.o \
  build/default/production/_ext/387578564/pic24_stdio_uart.o \
  build/default/production/_ext/387578564/pic24_timer.o \
  build/default/production/_ext/387578564/pic24_uart.o \
  build/default/production/_ext/387578564/pic24_util.o \
  build/default/production/_ext/1472/main_temperature_alarm.o \
  --defsym=__MPLAB_BUILD=1 \
  -Tp24HJ128GP502.gld.00 \
  --stack=16 \
  --check-sections \
  --data-init \
  --pack-data \
  --handles \
  --isr \
  --no-gc-sections \
  --fill-upper=0 \
  --stackguard=16 \
  --no-force-link \
  --smart-io \
  -Map=dist/default/production/temperature_alarm.X.production.map \
  --report-mem \
  --memorysummary \
  dist/default/production/memoryfile.xml \
  -start-group \
  --library=lega-pic30-elf \
  --library=m-elf \
  --library=lega-c-elf \
  -end-group \


Optional library libp24HJ128GP502.a not found
Archive member included because of file (symbol)

c:/program files (x86)/microchip/xc16/v1.36/bin/bin/../../lib\liblega-pic30-elf.a(crt0_standard.o)
                              (__resetPRI)
c:/program files (x86)/microchip/xc16/v1.36/bin/bin/../../lib\liblega-pic30-elf.a(data_init_standard.o)
                              c:/program files (x86)/microchip/xc16/v1.36/bin/bin/../../lib\liblega-pic30-elf.a(crt0_standard.o) (__data_init_standard)
c:/program files (x86)/microchip/xc16/v1.36/bin/bin/../../lib\liblega-pic30-elf.a(crt_start_mode_normal.Leo)
                              (__crt_start_mode_normal)
c:/program files (x86)/microchip/xc16/v1.36/bin/bin/../../lib\liblega-pic30-elf.a(c30_uart.Leo)
                              build/default/production/_ext/387578564/pic24_serial.o (___C30_UART)
c:/program files (x86)/microchip/xc16/v1.36/bin/bin/../../lib\liblega-pic30-elf.a(delay32.Leo)
                              build/default/production/_ext/387578564/pic24_clockfreq.o (___delay32)
c:/program files (x86)/microchip/xc16/v1.36/bin/bin/../../lib\libm-elf.a(addsf3.eo)
                              build/default/production/_ext/387578564/pic24_util.o (___subsf3)
c:/program files (x86)/microchip/xc16/v1.36/bin/bin/../../lib\libm-elf.a(divsf3.eo)
                              build/default/production/_ext/387578564/pic24_timer.o (___divsf3)
c:/program files (x86)/microchip/xc16/v1.36/bin/bin/../../lib\libm-elf.a(divsi3.eo)
                              build/default/production/_ext/387578564/pic24_i2c.o (___divsi3)
c:/program files (x86)/microchip/xc16/v1.36/bin/bin/../../lib\libm-elf.a(feqltle.eo)
                              build/default/production/_ext/387578564/dataXfer.o (___ltsf2)
c:/program files (x86)/microchip/xc16/v1.36/bin/bin/../../lib\libm-elf.a(fgtge.eo)
                              build/default/production/_ext/387578564/dataXfer.o (___gesf2)
c:/program files (x86)/microchip/xc16/v1.36/bin/bin/../../lib\libm-elf.a(fixunssfsi.eo)
                              build/default/production/_ext/387578564/pic24_util.o (___fixunssfsi)
c:/program files (x86)/microchip/xc16/v1.36/bin/bin/../../lib\libm-elf.a(floatunsisf.eo)
                              build/default/production/_ext/387578564/dataXfer.o (___floatunsisf)
c:/program files (x86)/microchip/xc16/v1.36/bin/bin/../../lib\libm-elf.a(fpack.eo)
                              c:/program files (x86)/microchip/xc16/v1.36/bin/bin/../../lib\libm-elf.a(addsf3.eo) (__fpack)
[...]
Memory Configuration

Name             Origin             Length             Attributes
data             0x000800           0x002000           a !xr
reset            0x000000           0x000004  
ivt              0x000004           0x0000fc  
_reserved        0x000100           0x000004  
aivt             0x000104           0x0000fc  
program          0x000200           0x015600           xr
FBS              0xf80000           0x000002  
FSS              0xf80002           0x000002  
FGS              0xf80004           0x000002  
FOSCSEL          0xf80006           0x000002  
FOSC             0xf80008           0x000002  
FWDT             0xf8000a           0x000002  
FPOR             0xf8000c           0x000002  
FICD             0xf8000e           0x000002  
FUID0            0xf80010           0x000002  
FUID1            0xf80012           0x000002  
FUID2            0xf80014           0x000002  
FUID3            0xf80016           0x000002  
*default*        0x000000           0xffffffff  

Linker script and memory map

LOAD build/default/production/_ext/387578564/dataXfer.o
LOAD build/default/production/_ext/387578564/dataXferImpl.o
LOAD build/default/production/_ext/387578564/pic24_adc.o
LOAD build/default/production/_ext/387578564/pic24_clockfreq.o
LOAD build/default/production/_ext/387578564/pic24_configbits.o
LOAD build/default/production/_ext/387578564/pic24_ecan.o
LOAD build/default/production/_ext/387578564/pic24_flash.o
LOAD build/default/production/_ext/387578564/pic24_i2c.o
LOAD build/default/production/_ext/387578564/pic24_serial.o
LOAD build/default/production/_ext/387578564/pic24_spi.o
LOAD build/default/production/_ext/387578564/pic24_stdio_uart.o
LOAD build/default/production/_ext/387578564/pic24_timer.o
LOAD build/default/production/_ext/387578564/pic24_uart.o
LOAD build/default/production/_ext/387578564/pic24_util.o
LOAD build/default/production/_ext/1472/main_temperature_alarm.o
                    0x0001                  __MPLAB_BUILD = 0x1
LOAD p24HJ128GP502
LOAD c:/program files (x86)/microchip/xc16/v1.36/bin/bin/../../lib\libfx-elf.a
                    0xf80000                  __FBS = 0xf80000
                    0xf80002                  __FSS = 0xf80002
                    0xf80004                  __FGS = 0xf80004
                    0xf80006                  __FOSCSEL = 0xf80006
                    0xf80008                  __FOSC = 0xf80008
                    0xf8000a                  __FWDT = 0xf8000a
                    0xf8000c                  __FPOR = 0xf8000c
                    0xf8000e                  __FICD = 0xf8000e
                    0xf80010                  __FUID0 = 0xf80010
                    0xf80012                  __FUID1 = 0xf80012
                    0xf80014                  __FUID2 = 0xf80014
                    0xf80016                  __FUID3 = 0xf80016
                    0x0200                  __CODE_BASE = 0x200
                    0x15600                  __CODE_LENGTH = 0x15600
                    0x0004                  __IVT_BASE = 0x4
                    0x0104                  __AIVT_BASE = 0x104
                    0x0800                  __DATA_BASE = 0x800
                    0x2000                  __DATA_LENGTH = 0x2000
                    0x2000                  __DMA_BASE = 0x2000
                    0x27ff                  __DMA_END = 0x27ff

.reset            0x000000          0x4
                  0x000000          0x2 SHORT 0x200 ABSOLUTE (__reset)
                  0x000001          0x2 SHORT 0x4
                  0x000002          0x2 SHORT 0x0 ((ABSOLUTE (__reset) >> 0x10) & 0x7f)
                  0x000003          0x2 SHORT 0x0

.text             0x000200        0x6e6
 *(.init)
 .init            0x000200         0x4c c:/program files (x86)/microchip/xc16/v1.36/bin/bin/../../lib\liblega-pic30-elf.a(crt0_standard.o)
                  0x000200                  __resetPRI
                  0x000200                  __reset
                  0x00023c                  __psv_init
 .init            0x00024c         0x7c c:/program files (x86)/microchip/xc16/v1.36/bin/bin/../../lib\liblega-pic30-elf.a(data_init_standard.o)
                  0x000252                  __data_init_standard
                  0x000252                  __data_init
 *(.user_init)
 *(.handle)
 .handle          0x0002c8         0x10 jump_table
 *(.isr*)
 .isr.text        0x0002d8         0x2c build/default/production/_ext/387578564/pic24_util.o
                  0x0002d8                  __DefaultInterrupt
 *(.libc)
 .libc            0x000304        0x264 build/default/production/_ext/387578564/pic24_stdio_uart.o
                  0x000304                  _open
                  0x0003f2                  _read
                  0x0004a4                  _write
                  0x00054e                  _close
                  0x000558                  _lseek
 *(.libm)
 *(.libdsp)
 *(.lib*)
 .libpic30_crt_start_mode
                  0x000568          0x2 c:/program files (x86)/microchip/xc16/v1.36/bin/bin/../../lib\liblega-pic30-elf.a(crt_start_mode_normal.Leo)
                  0x000568                  __crt_start_mode
                  0x000568                  __crt_start_mode_normal
 .libm.subsf3     0x00056a         0xbc c:/program files (x86)/microchip/xc16/v1.36/bin/bin/../../lib\libm-elf.a(addsf3.eo)
                  0x00056a                  ___subsf3
                  0x00056c                  ___addsf3
 .libm.divfs3     0x000626         0x84 c:/program files (x86)/microchip/xc16/v1.36/bin/bin/../../lib\libm-elf.a(divsf3.eo)
                  0x000626                  ___divsf3
 .libm.divsi3     0x0006aa         0x1e c:/program files (x86)/microchip/xc16/v1.36/bin/bin/../../lib\libm-elf.a(divsi3.eo)
                  0x0006aa                  ___divsi3
 .libm.eqsf2      0x0006c8          0x4 c:/program files (x86)/microchip/xc16/v1.36/bin/bin/../../lib\libm-elf.a(feqltle.eo)
                  0x0006c8                  ___eqsf2
                  0x0006c8                  ___ltsf2
                  0x0006c8                  ___lesf2
 .libm.gtsf2      0x0006cc          0x4 c:/program files (x86)/microchip/xc16/v1.36/bin/bin/../../lib\libm-elf.a(fgtge.eo)
                  0x0006cc                  ___gesf2
                  0x0006cc                  ___gtsf2
 .libm.fixunssfsi
                  0x0006d0         0x36 c:/program files (x86)/microchip/xc16/v1.36/bin/bin/../../lib\libm-elf.a(fixunssfsi.eo)
                  0x0006d0                  ___fixunssfsi
 .libm.floatunsisf
                  0x000706          0x4 c:/program files (x86)/microchip/xc16/v1.36/bin/bin/../../lib\libm-elf.a(floatunsisf.eo)
                  0x000706                  ___floatunsisf
 .libm.fpack      0x00070a         0x4c c:/program files (x86)/microchip/xc16/v1.36/bin/bin/../../lib\libm-elf.a(fpack.eo)
                  0x00070a                  __fpack
 .libm.funpack    0x000756         0x2a c:/program files (x86)/microchip/xc16/v1.36/bin/bin/../../lib\libm-elf.a(funpack.eo)
                  0x000756                  __funpack
 .libm.funpack2
                  0x000780         0x10 c:/program files (x86)/microchip/xc16/v1.36/bin/bin/../../lib\libm-elf.a(funpack2.eo)
                  0x000780                  __funpack2
 .libm.fPropagateNaN
                  0x000790         0x12 c:/program files (x86)/microchip/xc16/v1.36/bin/bin/../../lib\libm-elf.a(futil.eo)
                  0x000790                  __fPropagateNaN
 .libm.fbobExit
                  0x0007a2          0x8 c:/program files (x86)/microchip/xc16/v1.36/bin/bin/../../lib\libm-elf.a(futil.eo)
                  0x0007a2                  __fbopExit
 .libm.fbopReturnNaN
                  0x0007aa          0x6 c:/program files (x86)/microchip/xc16/v1.36/bin/bin/../../lib\libm-elf.a(futil.eo)
                  0x0007aa                  __fbopReturnNaN
 .libm.mulsf3     0x0007b0         0x68 c:/program files (x86)/microchip/xc16/v1.36/bin/bin/../../lib\libm-elf.a(mulsf3.eo)
                  0x0007b0                  ___mulsf3
 .libm.udivsi3    0x000818         0x20 c:/program files (x86)/microchip/xc16/v1.36/bin/bin/../../lib\libm-elf.a(udivsi3.eo)
                  0x000818                  ___udivsi3
 .libm.fcompare
                  0x000838         0x36 c:/program files (x86)/microchip/xc16/v1.36/bin/bin/../../lib\libm-elf.a(fcompare.eo)
                  0x000838                  __fcompare
 .libm.floatundisf
                  0x00086e         0x5e c:/program files (x86)/microchip/xc16/v1.36/bin/bin/../../lib\libm-elf.a(floatundisf.eo)
                  0x00086e                  ___floatundisf
 .libc.memset     0x0008cc          0xe c:/program files (x86)/microchip/xc16/v1.36/bin/bin/../../lib\liblega-c-elf.a(memset.XX_eo)
                  0x0008cc                  _memset
 .libc.strlen     0x0008da          0xc c:/program files (x86)/microchip/xc16/v1.36/bin/bin/../../lib\liblega-c-elf.a(strlen.XX_eo)
                  0x0008da                  _strlen

usercode
 *(usercode)

__FBS             0xf80000          0x2
 *(__FBS.sec*)
 __FBS.sec        0xf80000          0x2 /CW/_FBS8˝„
                  0xf80000                  __FBS.sec

__FSS             0xf80002          0x2
 *(__FSS.sec*)
 __FSS.sec        0xf80002          0x2 /CW/_FSSP-‰
                  0xf80002                  __FSS.sec

__FGS             0xf80004          0x2
 *(__FGS.sec*)
 __FGS.sec        0xf80004          0x2 /CW/_FGSù„
                  0xf80004                  __FGS.sec

__FOSCSEL
 *(__FOSCSEL.sec*)

__FOSC
 *(__FOSC.sec*)

__FWDT
 *(__FWDT.sec*)

__FPOR
 *(__FPOR.sec*)

__FICD
 *(__FICD.sec*)

__FUID0
 *(__FUID0.sec*)

__FUID1
 *(__FUID1.sec*)

__FUID2
 *(__FUID2.sec*)

__FUID3
 *(__FUID3.sec*)

.comment
 *(.comment)

.debug_info       0x000000       0xa1e4
 *(.debug_info)
 .debug_info      0x000000        0x516 build/default/production/_ext/387578564/dataXfer.o
 .debug_info      0x000516        0x9a3 build/default/production/_ext/387578564/dataXferImpl.o
 .debug_info      0x000eb9        0xc18 build/default/production/_ext/387578564/pic24_adc.o
 .debug_info      0x001ad1        0xc76 build/default/production/_ext/387578564/pic24_clockfreq.o
 .debug_info      0x002747        0x147 build/default/production/_ext/387578564/pic24_configbits.o
 .debug_info      0x00288e       0x1365 build/default/production/_ext/387578564/pic24_ecan.o
 .debug_info      0x003bf3        0x511 build/default/production/_ext/387578564/pic24_flash.o
 .debug_info      0x004104        0x99a build/default/production/_ext/387578564/pic24_i2c.o
 .debug_info      0x004a9e        0x968 build/default/production/_ext/387578564/pic24_serial.o
 .debug_info      0x005406        0x67d build/default/production/_ext/387578564/pic24_spi.o
 .debug_info      0x005a83        0xf1f build/default/production/_ext/387578564/pic24_stdio_uart.o
 .debug_info      0x0069a2        0x577 build/default/production/_ext/387578564/pic24_timer.o
 .debug_info      0x006f19       0x10d3 build/default/production/_ext/387578564/pic24_uart.o
 .debug_info      0x007fec        0xe9b build/default/production/_ext/387578564/pic24_util.o
 .debug_info      0x008e87       0x135d build/default/production/_ext/1472/main_temperature_alarm.o
 *(.gnu.linkonce.wi.*)

.debug_abbrev     0x000000       0x164c
 *(.debug_abbrev)
 .debug_abbrev    0x000000        0x166 build/default/production/_ext/387578564/dataXfer.o
 .debug_abbrev    0x000166        0x243 build/default/production/_ext/387578564/dataXferImpl.o
 .debug_abbrev    0x0003a9        0x198 build/default/production/_ext/387578564/pic24_adc.o
 .debug_abbrev    0x000541        0x132 build/default/production/_ext/387578564/pic24_clockfreq.o
 .debug_abbrev    0x000673         0x1f build/default/production/_ext/387578564/pic24_configbits.o
 .debug_abbrev    0x000692        0x20d build/default/production/_ext/387578564/pic24_ecan.o
 .debug_abbrev    0x00089f        0x145 build/default/production/_ext/387578564/pic24_flash.o
 .debug_abbrev    0x0009e4        0x113 build/default/production/_ext/387578564/pic24_i2c.o
 .debug_abbrev    0x000af7        0x1cf build/default/production/_ext/387578564/pic24_serial.o
 .debug_abbrev    0x000cc6        0x120 build/default/production/_ext/387578564/pic24_spi.o
 .debug_abbrev    0x000de6        0x1f4 build/default/production/_ext/387578564/pic24_stdio_uart.o
 .debug_abbrev    0x000fda         0xcf build/default/production/_ext/387578564/pic24_timer.o
 .debug_abbrev    0x0010a9        0x1d5 build/default/production/_ext/387578564/pic24_uart.o
 .debug_abbrev    0x00127e        0x203 build/default/production/_ext/387578564/pic24_util.o
 .debug_abbrev    0x001481        0x1cb build/default/production/_ext/1472/main_temperature_alarm.o

.debug_line       0x000000       0x1979
 *(.debug_line)
 .debug_line      0x000000        0x160 build/default/production/_ext/387578564/dataXfer.o
 .debug_line      0x000160        0x202 build/default/production/_ext/387578564/dataXferImpl.o
 .debug_line      0x000362        0x1bc build/default/production/_ext/387578564/pic24_adc.o
 .debug_line      0x00051e        0x1c5 build/default/production/_ext/387578564/pic24_clockfreq.o
 .debug_line      0x0006e3         0x1a build/default/production/_ext/387578564/pic24_configbits.o
 .debug_line      0x0006fd        0x22b build/default/production/_ext/387578564/pic24_ecan.o
 .debug_line      0x000928        0x1b8 build/default/production/_ext/387578564/pic24_flash.o
 .debug_line      0x000ae0        0x1c6 build/default/production/_ext/387578564/pic24_i2c.o
 .debug_line      0x000ca6        0x200 build/default/production/_ext/387578564/pic24_serial.o
 .debug_line      0x000ea6        0x135 build/default/production/_ext/387578564/pic24_spi.o
 .debug_line      0x000fdb        0x22b build/default/production/_ext/387578564/pic24_stdio_uart.o
 .debug_line      0x001206        0x149 build/default/production/_ext/387578564/pic24_timer.o
 .debug_line      0x00134f        0x1f6 build/default/production/_ext/387578564/pic24_uart.o
 .debug_line      0x001545        0x256 build/default/production/_ext/387578564/pic24_util.o
 .debug_line      0x00179b        0x1de build/default/production/_ext/1472/main_temperature_alarm.o

.debug_frame      0x000000       0x1158
 *(.debug_frame)
 .debug_frame     0x000000         0xe4 build/default/production/_ext/387578564/dataXfer.o
 .debug_frame     0x0000e4        0x260 build/default/production/_ext/387578564/dataXferImpl.o
 .debug_frame     0x000344         0xbc build/default/production/_ext/387578564/pic24_adc.o
 .debug_frame     0x000400        0x164 build/default/production/_ext/387578564/pic24_clockfreq.o
 .debug_frame     0x000564        0x164 build/default/production/_ext/387578564/pic24_ecan.o
 .debug_frame     0x0006c8         0xd8 build/default/production/_ext/387578564/pic24_flash.o
 .debug_frame     0x0007a0        0x180 build/default/production/_ext/387578564/pic24_i2c.o
 .debug_frame     0x000920        0x1b8 build/default/production/_ext/387578564/pic24_serial.o
 .debug_frame     0x000ad8         0x84 build/default/production/_ext/387578564/pic24_spi.o
 .debug_frame     0x000b5c         0xc2 build/default/production/_ext/387578564/pic24_stdio_uart.o
 .debug_frame     0x000c1e        0x13e build/default/production/_ext/387578564/pic24_timer.o
 .debug_frame     0x000d5c        0x164 build/default/production/_ext/387578564/pic24_uart.o
 .debug_frame     0x000ec0        0x1f2 build/default/production/_ext/387578564/pic24_util.o
 .debug_frame     0x0010b2         0xa6 build/default/production/_ext/1472/main_temperature_alarm.o

.debug_str        0x000000        0x5c4
 *(.debug_str)
 .debug_str       0x000000         0x14 build/default/production/_ext/387578564/dataXfer.o
 .debug_str       0x000014         0x5b build/default/production/_ext/387578564/dataXferImpl.o
 .debug_str       0x00006f         0x9b build/default/production/_ext/387578564/pic24_adc.o
 .debug_str       0x00010a         0x40 build/default/production/_ext/387578564/pic24_clockfreq.o
 .debug_str       0x00014a         0xb6 build/default/production/_ext/387578564/pic24_ecan.o
 .debug_str       0x000200         0x47 build/default/production/_ext/387578564/pic24_flash.o
 .debug_str       0x000247         0x53 build/default/production/_ext/387578564/pic24_i2c.o
 .debug_str       0x00029a         0x5e build/default/production/_ext/387578564/pic24_serial.o
 .debug_str       0x0002f8         0x2c build/default/production/_ext/387578564/pic24_spi.o
 .debug_str       0x000324         0x9a build/default/production/_ext/387578564/pic24_stdio_uart.o
 .debug_str       0x0003be         0x43 build/default/production/_ext/387578564/pic24_timer.o
 .debug_str       0x000401         0x95 build/default/production/_ext/387578564/pic24_uart.o
 .debug_str       0x000496         0x6e build/default/production/_ext/387578564/pic24_util.o
 .debug_str       0x000504         0xc0 build/default/production/_ext/1472/main_temperature_alarm.o

.debug_loc
 *(.debug_loc)

.debug_macinfo
 *(.debug_macinfo)

.debug_pubnames
                  0x000000        0xb4d
 *(.debug_pubnames)
 .debug_pubnames
                  0x000000         0x6c build/default/production/_ext/387578564/dataXfer.o
 .debug_pubnames
                  0x00006c        0x1e1 build/default/production/_ext/387578564/dataXferImpl.o
 .debug_pubnames
                  0x00024d         0x98 build/default/production/_ext/387578564/pic24_adc.o
 .debug_pubnames
                  0x0002e5        0x11b build/default/production/_ext/387578564/pic24_clockfreq.o
 .debug_pubnames
                  0x000400        0x140 build/default/production/_ext/387578564/pic24_ecan.o
 .debug_pubnames
                  0x000540         0x8f build/default/production/_ext/387578564/pic24_flash.o
 .debug_pubnames
                  0x0005cf         0xd0 build/default/production/_ext/387578564/pic24_i2c.o
 .debug_pubnames
                  0x00069f         0xf1 build/default/production/_ext/387578564/pic24_serial.o
 .debug_pubnames
                  0x000790         0x5e build/default/production/_ext/387578564/pic24_spi.o
 .debug_pubnames
                  0x0007ee         0x4c build/default/production/_ext/387578564/pic24_stdio_uart.o
 .debug_pubnames
                  0x00083a         0xb8 build/default/production/_ext/387578564/pic24_timer.o
 .debug_pubnames
                  0x0008f2         0xb2 build/default/production/_ext/387578564/pic24_uart.o
 .debug_pubnames
                  0x0009a4        0x145 build/default/production/_ext/387578564/pic24_util.o
 .debug_pubnames
                  0x000ae9         0x64 build/default/production/_ext/1472/main_temperature_alarm.o

.debug_ranges
 *(.debug_ranges)

.debug_aranges    0x000000        0x178
 *(.debug_aranges)
 .debug_aranges
                  0x000000         0x18 build/default/production/_ext/387578564/dataXfer.o
 .debug_aranges
                  0x000018         0x18 build/default/production/_ext/387578564/dataXferImpl.o
 .debug_aranges
                  0x000030         0x18 build/default/production/_ext/387578564/pic24_adc.o
 .debug_aranges
                  0x000048         0x18 build/default/production/_ext/387578564/pic24_clockfreq.o
 .debug_aranges
                  0x000060         0x18 build/default/production/_ext/387578564/pic24_ecan.o
 .debug_aranges
                  0x000078         0x18 build/default/production/_ext/387578564/pic24_flash.o
 .debug_aranges
                  0x000090         0x18 build/default/production/_ext/387578564/pic24_i2c.o
 .debug_aranges
                  0x0000a8         0x18 build/default/production/_ext/387578564/pic24_serial.o
 .debug_aranges
                  0x0000c0         0x18 build/default/production/_ext/387578564/pic24_spi.o
 .debug_aranges
                  0x0000d8         0x40 build/default/production/_ext/387578564/pic24_stdio_uart.o
 .debug_aranges
                  0x000118         0x18 build/default/production/_ext/387578564/pic24_timer.o
 .debug_aranges
                  0x000130         0x18 build/default/production/_ext/387578564/pic24_uart.o
 .debug_aranges
                  0x000148         0x18 build/default/production/_ext/387578564/pic24_util.o
 .debug_aranges
                  0x000160         0x18 build/default/production/_ext/1472/main_temperature_alarm.o
                    0x0000                  WREG0 = 0x0
                    0x0000                  _WREG0 = 0x0
                    0x0002                  WREG1 = 0x2
                    0x0002                  _WREG1 = 0x2
                    0x0004                  WREG2 = 0x4
                    0x0004                  _WREG2 = 0x4
                    0x0006                  WREG3 = 0x6
                    0x0006                  _WREG3 = 0x6
                    0x0008                  WREG4 = 0x8
                    0x0008                  _WREG4 = 0x8
                    0x000a                  WREG5 = 0xa
                    0x000a                  _WREG5 = 0xa
                    0x000c                  WREG6 = 0xc
                    0x000c                  _WREG6 = 0xc
                    0x000e                  WREG7 = 0xe
                    0x000e                  _WREG7 = 0xe
                    0x0010                  WREG8 = 0x10
                    0x0010                  _WREG8 = 0x10
                    0x0012                  WREG9 = 0x12
                    0x0012                  _WREG9 = 0x12
                    0x0014                  WREG10 = 0x14
                    0x0014                  _WREG10 = 0x14
                    0x0016                  WREG11 = 0x16
                    0x0016                  _WREG11 = 0x16
                    0x0018                  WREG12 = 0x18
                    0x0018                  _WREG12 = 0x18
                    0x001a                  WREG13 = 0x1a
                    0x001a                  _WREG13 = 0x1a
                    0x001c                  WREG14 = 0x1c
                    0x001c                  _WREG14 = 0x1c
                    0x001e                  WREG15 = 0x1e
                    0x001e                  _WREG15 = 0x1e
                    0x0020                  SPLIM = 0x20
                    0x0020                  _SPLIM = 0x20
                    0x002e                  PCL = 0x2e
                    0x002e                  _PCL = 0x2e
                    0x0030                  PCH = 0x30
                    0x0030                  _PCH = 0x30
                    0x0032                  TBLPAG = 0x32
                    0x0032                  _TBLPAG = 0x32
                    0x0034                  PSVPAG = 0x34
                    0x0034                  _PSVPAG = 0x34
                    0x0036                  RCOUNT = 0x36
                    0x0036                  _RCOUNT = 0x36
                    0x0042                  SR = 0x42
                    0x0042                  _SR = 0x42
                    0x0042                  _SRbits = 0x42
                    0x0044                  CORCON = 0x44
                    0x0044                  _CORCON = 0x44
                    0x0044                  _CORCONbits = 0x44
                    0x0052                  DISICNT = 0x52
                    0x0052                  _DISICNT = 0x52
                    0x0060                  CNEN1 = 0x60
                    0x0060                  _CNEN1 = 0x60
                    0x0060                  _CNEN1bits = 0x60
                    0x0062                  CNEN2 = 0x62
                    0x0062                  _CNEN2 = 0x62
                    0x0062                  _CNEN2bits = 0x62
                    0x0068                  CNPU1 = 0x68
                    0x0068                  _CNPU1 = 0x68
                    0x0068                  _CNPU1bits = 0x68
                    0x006a                  CNPU2 = 0x6a
                    0x006a                  _CNPU2 = 0x6a
                    0x006a                  _CNPU2bits = 0x6a
                    0x0080                  INTCON1 = 0x80
                    0x0080                  _INTCON1 = 0x80
                    0x0080                  _INTCON1bits = 0x80
                    0x0082                  INTCON2 = 0x82
                    0x0082                  _INTCON2 = 0x82
                    0x0082                  _INTCON2bits = 0x82
                    0x0084                  IFS0 = 0x84
                    0x0084                  _IFS0 = 0x84
                    0x0084                  _IFS0bits = 0x84
                    0x0086                  IFS1 = 0x86
                    0x0086                  _IFS1 = 0x86
                    0x0086                  _IFS1bits = 0x86
                    0x0088                  IFS2 = 0x88
                    0x0088                  _IFS2 = 0x88
                    0x0088                  _IFS2bits = 0x88
                    0x008a                  IFS3 = 0x8a
                    0x008a                  _IFS3 = 0x8a
                    0x008a                  _IFS3bits = 0x8a
                    0x008c                  IFS4 = 0x8c
                    0x008c                  _IFS4 = 0x8c
                    0x008c                  _IFS4bits = 0x8c
                    0x0094                  IEC0 = 0x94
                    0x0094                  _IEC0 = 0x94
                    0x0094                  _IEC0bits = 0x94
                    0x0096                  IEC1 = 0x96
                    0x0096                  _IEC1 = 0x96
                    0x0096                  _IEC1bits = 0x96
                    0x0098                  IEC2 = 0x98
                    0x0098                  _IEC2 = 0x98
                    0x0098                  _IEC2bits = 0x98
                    0x009a                  IEC3 = 0x9a
                    0x009a                  _IEC3 = 0x9a
                    0x009a                  _IEC3bits = 0x9a
                    0x009c                  IEC4 = 0x9c
                    0x009c                  _IEC4 = 0x9c
                    0x009c                  _IEC4bits = 0x9c
                    0x00a4                  IPC0 = 0xa4
                    0x00a4                  _IPC0 = 0xa4
                    0x00a4                  _IPC0bits = 0xa4
                    0x00a6                  IPC1 = 0xa6
                    0x00a6                  _IPC1 = 0xa6
                    0x00a6                  _IPC1bits = 0xa6
                    0x00a8                  IPC2 = 0xa8
                    0x00a8                  _IPC2 = 0xa8
                    0x00a8                  _IPC2bits = 0xa8
                    0x00aa                  IPC3 = 0xaa
                    0x00aa                  _IPC3 = 0xaa
                    0x00aa                  _IPC3bits = 0xaa
                    0x00ac                  IPC4 = 0xac
                    0x00ac                  _IPC4 = 0xac
                    0x00ac                  _IPC4bits = 0xac
                    0x00ae                  IPC5 = 0xae
                    0x00ae                  _IPC5 = 0xae
                    0x00ae                  _IPC5bits = 0xae
                    0x00b0                  IPC6 = 0xb0
                    0x00b0                  _IPC6 = 0xb0
                    0x00b0                  _IPC6bits = 0xb0
                    0x00b2                  IPC7 = 0xb2
                    0x00b2                  _IPC7 = 0xb2
                    0x00b2                  _IPC7bits = 0xb2
                    0x00b4                  IPC8 = 0xb4
                    0x00b4                  _IPC8 = 0xb4
                    0x00b4                  _IPC8bits = 0xb4
                    0x00b6                  IPC9 = 0xb6
                    0x00b6                  _IPC9 = 0xb6
                    0x00b6                  _IPC9bits = 0xb6
                    0x00ba                  IPC11 = 0xba
                    0x00ba                  _IPC11 = 0xba
                    0x00ba                  _IPC11bits = 0xba
                    0x00c2                  IPC15 = 0xc2
                    0x00c2                  _IPC15 = 0xc2
                    0x00c2                  _IPC15bits = 0xc2
                    0x00c4                  IPC16 = 0xc4
                    0x00c4                  _IPC16 = 0xc4
                    0x00c4                  _IPC16bits = 0xc4
                    0x00c6                  IPC17 = 0xc6
                    0x00c6                  _IPC17 = 0xc6
                    0x00c6                  _IPC17bits = 0xc6
                    0x00e0                  INTTREG = 0xe0
                    0x00e0                  _INTTREG = 0xe0
                    0x00e0                  _INTTREGbits = 0xe0
                    0x0100                  TMR1 = 0x100
                    0x0100                  _TMR1 = 0x100
                    0x0102                  PR1 = 0x102
                    0x0102                  _PR1 = 0x102
                    0x0104                  T1CON = 0x104
                    0x0104                  _T1CON = 0x104
                    0x0104                  _T1CONbits = 0x104
                    0x0106                  TMR2 = 0x106
                    0x0106                  _TMR2 = 0x106
                    0x0108                  TMR3HLD = 0x108
                    0x0108                  _TMR3HLD = 0x108
                    0x010a                  TMR3 = 0x10a
                    0x010a                  _TMR3 = 0x10a
                    0x010c                  PR2 = 0x10c
                    0x010c                  _PR2 = 0x10c
                    0x010e                  PR3 = 0x10e
                    0x010e                  _PR3 = 0x10e
                    0x0110                  T2CON = 0x110
                    0x0110                  _T2CON = 0x110
                    0x0110                  _T2CONbits = 0x110
                    0x0112                  T3CON = 0x112
                    0x0112                  _T3CON = 0x112
                    0x0112                  _T3CONbits = 0x112
                    0x0114                  TMR4 = 0x114
                    0x0114                  _TMR4 = 0x114
                    0x0116                  TMR5HLD = 0x116
                    0x0116                  _TMR5HLD = 0x116
                    0x0118                  TMR5 = 0x118
                    0x0118                  _TMR5 = 0x118
                    0x011a                  PR4 = 0x11a
                    0x011a                  _PR4 = 0x11a
                    0x011c                  PR5 = 0x11c
                    0x011c                  _PR5 = 0x11c
                    0x011e                  T4CON = 0x11e
                    0x011e                  _T4CON = 0x11e
                    0x011e                  _T4CONbits = 0x11e
                    0x0120                  T5CON = 0x120
                    0x0120                  _T5CON = 0x120
                    0x0120                  _T5CONbits = 0x120
                    0x0140                  IC1BUF = 0x140
                    0x0140                  _IC1BUF = 0x140
                    0x0142                  IC1CON = 0x142
                    0x0142                  _IC1CON = 0x142
                    0x0142                  _IC1CONbits = 0x142
                    0x0144                  IC2BUF = 0x144
                    0x0144                  _IC2BUF = 0x144
                    0x0146                  IC2CON = 0x146
                    0x0146                  _IC2CON = 0x146
                    0x0146                  _IC2CONbits = 0x146
                    0x0158                  IC7BUF = 0x158
                    0x0158                  _IC7BUF = 0x158
                    0x015a                  IC7CON = 0x15a
                    0x015a                  _IC7CON = 0x15a
                    0x015a                  _IC7CONbits = 0x15a
                    0x015c                  IC8BUF = 0x15c
                    0x015c                  _IC8BUF = 0x15c
                    0x015e                  IC8CON = 0x15e
                    0x015e                  _IC8CON = 0x15e
                    0x015e                  _IC8CONbits = 0x15e
                    0x0180                  OC1RS = 0x180
                    0x0180                  _OC1RS = 0x180
                    0x0182                  OC1R = 0x182
                    0x0182                  _OC1R = 0x182
                    0x0184                  OC1CON = 0x184
                    0x0184                  _OC1CON = 0x184
                    0x0184                  _OC1CONbits = 0x184
                    0x0186                  OC2RS = 0x186
                    0x0186                  _OC2RS = 0x186
                    0x0188                  OC2R = 0x188
                    0x0188                  _OC2R = 0x188
                    0x018a                  OC2CON = 0x18a
                    0x018a                  _OC2CON = 0x18a
                    0x018a                  _OC2CONbits = 0x18a
                    0x018c                  OC3RS = 0x18c
                    0x018c                  _OC3RS = 0x18c
                    0x018e                  OC3R = 0x18e
                    0x018e                  _OC3R = 0x18e
                    0x0190                  OC3CON = 0x190
                    0x0190                  _OC3CON = 0x190
                    0x0190                  _OC3CONbits = 0x190
                    0x0192                  OC4RS = 0x192
                    0x0192                  _OC4RS = 0x192
                    0x0194                  OC4R = 0x194
                    0x0194                  _OC4R = 0x194
                    0x0196                  OC4CON = 0x196
                    0x0196                  _OC4CON = 0x196
                    0x0196                  _OC4CONbits = 0x196
                    0x0200                  I2C1RCV = 0x200
                    0x0200                  _I2C1RCV = 0x200
                    0x0200                  I2CRCV = 0x200
                    0x0200                  _I2CRCV = 0x200
                    0x0202                  I2C1TRN = 0x202
                    0x0202                  _I2C1TRN = 0x202
                    0x0202                  I2CTRN = 0x202
                    0x0202                  _I2CTRN = 0x202
                    0x0204                  I2C1BRG = 0x204
                    0x0204                  _I2C1BRG = 0x204
                    0x0206                  I2C1CON = 0x206
                    0x0206                  _I2C1CON = 0x206
                    0x0206                  _I2C1CONbits = 0x206
                    0x0206                  I2CCON = 0x206
                    0x0206                  _I2CCON = 0x206
                    0x0206                  _I2CCONbits = 0x206
                    0x0208                  I2C1STAT = 0x208
                    0x0208                  _I2C1STAT = 0x208
                    0x0208                  _I2C1STATbits = 0x208
                    0x0208                  I2CSTAT = 0x208
                    0x0208                  _I2CSTAT = 0x208
                    0x0208                  _I2CSTATbits = 0x208
                    0x020a                  I2C1ADD = 0x20a
                    0x020a                  _I2C1ADD = 0x20a
                    0x020a                  I2CADD = 0x20a
                    0x020a                  _I2CADD = 0x20a
                    0x020c                  I2C1MSK = 0x20c
                    0x020c                  _I2C1MSK = 0x20c
                    0x0220                  U1MODE = 0x220
                    0x0220                  _U1MODE = 0x220
                    0x0220                  _U1MODEbits = 0x220
                    0x0222                  U1STA = 0x222
                    0x0222                  _U1STA = 0x222
                    0x0222                  _U1STAbits = 0x222
                    0x0224                  U1TXREG = 0x224
                    0x0224                  _U1TXREG = 0x224
                    0x0224                  _U1TXREGbits = 0x224
                    0x0226                  U1RXREG = 0x226
                    0x0226                  _U1RXREG = 0x226
                    0x0226                  _U1RXREGbits = 0x226
                    0x0228                  U1BRG = 0x228
                    0x0228                  _U1BRG = 0x228
                    0x0230                  U2MODE = 0x230
                    0x0230                  _U2MODE = 0x230
                    0x0230                  _U2MODEbits = 0x230
                    0x0232                  U2STA = 0x232
                    0x0232                  _U2STA = 0x232
                    0x0232                  _U2STAbits = 0x232
                    0x0234                  U2TXREG = 0x234
                    0x0234                  _U2TXREG = 0x234
                    0x0234                  _U2TXREGbits = 0x234
                    0x0236                  U2RXREG = 0x236
                    0x0236                  _U2RXREG = 0x236
                    0x0236                  _U2RXREGbits = 0x236
                    0x0238                  U2BRG = 0x238
                    0x0238                  _U2BRG = 0x238
                    0x0240                  SPI1STAT = 0x240
                    0x0240                  _SPI1STAT = 0x240
                    0x0240                  _SPI1STATbits = 0x240
                    0x0242                  SPI1CON1 = 0x242
                    0x0242                  _SPI1CON1 = 0x242
                    0x0242                  _SPI1CON1bits = 0x242
                    0x0244                  SPI1CON2 = 0x244
                    0x0244                  _SPI1CON2 = 0x244
                    0x0244                  _SPI1CON2bits = 0x244
                    0x0248                  SPI1BUF = 0x248
                    0x0248                  _SPI1BUF = 0x248
                    0x0260                  SPI2STAT = 0x260
                    0x0260                  _SPI2STAT = 0x260
                    0x0260                  _SPI2STATbits = 0x260
                    0x0262                  SPI2CON1 = 0x262
                    0x0262                  _SPI2CON1 = 0x262
                    0x0262                  _SPI2CON1bits = 0x262
                    0x0264                  SPI2CON2 = 0x264
                    0x0264                  _SPI2CON2 = 0x264
                    0x0264                  _SPI2CON2bits = 0x264
                    0x0268                  SPI2BUF = 0x268
                    0x0268                  _SPI2BUF = 0x268
                    0x02c0                  TRISA = 0x2c0
                    0x02c0                  _TRISA = 0x2c0
                    0x02c0                  _TRISAbits = 0x2c0
                    0x02c2                  PORTA = 0x2c2
                    0x02c2                  _PORTA = 0x2c2
                    0x02c2                  _PORTAbits = 0x2c2
                    0x02c4                  LATA = 0x2c4
                    0x02c4                  _LATA = 0x2c4
                    0x02c4                  _LATAbits = 0x2c4
                    0x02c6                  ODCA = 0x2c6
                    0x02c6                  _ODCA = 0x2c6
                    0x02c6                  _ODCAbits = 0x2c6
                    0x02c8                  TRISB = 0x2c8
                    0x02c8                  _TRISB = 0x2c8
                    0x02c8                  _TRISBbits = 0x2c8
                    0x02ca                  PORTB = 0x2ca
                    0x02ca                  _PORTB = 0x2ca
                    0x02ca                  _PORTBbits = 0x2ca
                    0x02cc                  LATB = 0x2cc
                    0x02cc                  _LATB = 0x2cc
                    0x02cc                  _LATBbits = 0x2cc
                    0x02ce                  ODCB = 0x2ce
                    0x02ce                  _ODCB = 0x2ce
                    0x02ce                  _ODCBbits = 0x2ce
                    0x02fc                  PADCFG1 = 0x2fc
                    0x02fc                  _PADCFG1 = 0x2fc
                    0x02fc                  _PADCFG1bits = 0x2fc
                    0x0300                  ADC1BUF0 = 0x300
                    0x0300                  _ADC1BUF0 = 0x300
                    0x0300                  ADCBUF0 = 0x300
                    0x0300                  _ADCBUF0 = 0x300
                    0x0320                  AD1CON1 = 0x320
                    0x0320                  _AD1CON1 = 0x320
                    0x0320                  _AD1CON1bits = 0x320
                    0x0322                  AD1CON2 = 0x322
                    0x0322                  _AD1CON2 = 0x322
                    0x0322                  _AD1CON2bits = 0x322
                    0x0324                  AD1CON3 = 0x324
                    0x0324                  _AD1CON3 = 0x324
                    0x0324                  _AD1CON3bits = 0x324
                    0x0326                  AD1CHS123 = 0x326
                    0x0326                  _AD1CHS123 = 0x326
                    0x0326                  _AD1CHS123bits = 0x326
                    0x0328                  AD1CHS0 = 0x328
                    0x0328                  _AD1CHS0 = 0x328
                    0x0328                  _AD1CHS0bits = 0x328
                    0x032c                  AD1PCFGL = 0x32c
                    0x032c                  _AD1PCFGL = 0x32c
                    0x032c                  _AD1PCFGLbits = 0x32c
                    0x032c                  ADPCFG = 0x32c
                    0x032c                  _ADPCFG = 0x32c
                    0x032c                  _ADPCFGbits = 0x32c
                    0x0330                  AD1CSSL = 0x330
                    0x0330                  _AD1CSSL = 0x330
                    0x0330                  _AD1CSSLbits = 0x330
                    0x0332                  AD1CON4 = 0x332
                    0x0332                  _AD1CON4 = 0x332
                    0x0332                  _AD1CON4bits = 0x332
                    0x0380                  DMA0CON = 0x380
                    0x0380                  _DMA0CON = 0x380
                    0x0380                  _DMA0CONbits = 0x380
                    0x0382                  DMA0REQ = 0x382
                    0x0382                  _DMA0REQ = 0x382
                    0x0382                  _DMA0REQbits = 0x382
                    0x0384                  DMA0STA = 0x384
                    0x0384                  _DMA0STA = 0x384
                    0x0386                  DMA0STB = 0x386
                    0x0386                  _DMA0STB = 0x386
                    0x0388                  DMA0PAD = 0x388
                    0x0388                  _DMA0PAD = 0x388
                    0x038a                  DMA0CNT = 0x38a
                    0x038a                  _DMA0CNT = 0x38a
                    0x038c                  DMA1CON = 0x38c
                    0x038c                  _DMA1CON = 0x38c
                    0x038c                  _DMA1CONbits = 0x38c
                    0x038e                  DMA1REQ = 0x38e
                    0x038e                  _DMA1REQ = 0x38e
                    0x038e                  _DMA1REQbits = 0x38e
                    0x0390                  DMA1STA = 0x390
                    0x0390                  _DMA1STA = 0x390
                    0x0392                  DMA1STB = 0x392
                    0x0392                  _DMA1STB = 0x392
                    0x0394                  DMA1PAD = 0x394
                    0x0394                  _DMA1PAD = 0x394
                    0x0396                  DMA1CNT = 0x396
                    0x0396                  _DMA1CNT = 0x396
                    0x0398                  DMA2CON = 0x398
                    0x0398                  _DMA2CON = 0x398
                    0x0398                  _DMA2CONbits = 0x398
                    0x039a                  DMA2REQ = 0x39a
                    0x039a                  _DMA2REQ = 0x39a
                    0x039a                  _DMA2REQbits = 0x39a
                    0x039c                  DMA2STA = 0x39c
                    0x039c                  _DMA2STA = 0x39c
                    0x039e                  DMA2STB = 0x39e
                    0x039e                  _DMA2STB = 0x39e
                    0x03a0                  DMA2PAD = 0x3a0
                    0x03a0                  _DMA2PAD = 0x3a0
                    0x03a2                  DMA2CNT = 0x3a2
                    0x03a2                  _DMA2CNT = 0x3a2
                    0x03a4                  DMA3CON = 0x3a4
                    0x03a4                  _DMA3CON = 0x3a4
                    0x03a4                  _DMA3CONbits = 0x3a4
                    0x03a6                  DMA3REQ = 0x3a6
                    0x03a6                  _DMA3REQ = 0x3a6
                    0x03a6                  _DMA3REQbits = 0x3a6
                    0x03a8                  DMA3STA = 0x3a8
                    0x03a8                  _DMA3STA = 0x3a8
                    0x03aa                  DMA3STB = 0x3aa
                    0x03aa                  _DMA3STB = 0x3aa
                    0x03ac                  DMA3PAD = 0x3ac
                    0x03ac                  _DMA3PAD = 0x3ac
                    0x03ae                  DMA3CNT = 0x3ae
                    0x03ae                  _DMA3CNT = 0x3ae
                    0x03b0                  DMA4CON = 0x3b0
                    0x03b0                  _DMA4CON = 0x3b0
                    0x03b0                  _DMA4CONbits = 0x3b0
                    0x03b2                  DMA4REQ = 0x3b2
                    0x03b2                  _DMA4REQ = 0x3b2
                    0x03b2                  _DMA4REQbits = 0x3b2
                    0x03b4                  DMA4STA = 0x3b4
                    0x03b4                  _DMA4STA = 0x3b4
                    0x03b6                  DMA4STB = 0x3b6
                    0x03b6                  _DMA4STB = 0x3b6
                    0x03b8                  DMA4PAD = 0x3b8
                    0x03b8                  _DMA4PAD = 0x3b8
                    0x03ba                  DMA4CNT = 0x3ba
                    0x03ba                  _DMA4CNT = 0x3ba
                    0x03bc                  DMA5CON = 0x3bc
                    0x03bc                  _DMA5CON = 0x3bc
                    0x03bc                  _DMA5CONbits = 0x3bc
                    0x03be                  DMA5REQ = 0x3be
                    0x03be                  _DMA5REQ = 0x3be
                    0x03be                  _DMA5REQbits = 0x3be
                    0x03c0                  DMA5STA = 0x3c0
                    0x03c0                  _DMA5STA = 0x3c0
                    0x03c2                  DMA5STB = 0x3c2
                    0x03c2                  _DMA5STB = 0x3c2
                    0x03c4                  DMA5PAD = 0x3c4
                    0x03c4                  _DMA5PAD = 0x3c4
                    0x03c6                  DMA5CNT = 0x3c6
                    0x03c6                  _DMA5CNT = 0x3c6
                    0x03c8                  DMA6CON = 0x3c8
                    0x03c8                  _DMA6CON = 0x3c8
                    0x03c8                  _DMA6CONbits = 0x3c8
                    0x03ca                  DMA6REQ = 0x3ca
                    0x03ca                  _DMA6REQ = 0x3ca
                    0x03ca                  _DMA6REQbits = 0x3ca
                    0x03cc                  DMA6STA = 0x3cc
                    0x03cc                  _DMA6STA = 0x3cc
                    0x03ce                  DMA6STB = 0x3ce
                    0x03ce                  _DMA6STB = 0x3ce
                    0x03d0                  DMA6PAD = 0x3d0
                    0x03d0                  _DMA6PAD = 0x3d0
                    0x03d2                  DMA6CNT = 0x3d2
                    0x03d2                  _DMA6CNT = 0x3d2
                    0x03d4                  DMA7CON = 0x3d4
                    0x03d4                  _DMA7CON = 0x3d4
                    0x03d4                  _DMA7CONbits = 0x3d4
                    0x03d6                  DMA7REQ = 0x3d6
                    0x03d6                  _DMA7REQ = 0x3d6
                    0x03d6                  _DMA7REQbits = 0x3d6
                    0x03d8                  DMA7STA = 0x3d8
                    0x03d8                  _DMA7STA = 0x3d8
                    0x03da                  DMA7STB = 0x3da
                    0x03da                  _DMA7STB = 0x3da
                    0x03dc                  DMA7PAD = 0x3dc
                    0x03dc                  _DMA7PAD = 0x3dc
                    0x03de                  DMA7CNT = 0x3de
                    0x03de                  _DMA7CNT = 0x3de
                    0x03e0                  DMACS0 = 0x3e0
                    0x03e0                  _DMACS0 = 0x3e0
                    0x03e0                  _DMACS0bits = 0x3e0
                    0x03e2                  DMACS1 = 0x3e2
                    0x03e2                  _DMACS1 = 0x3e2
                    0x03e2                  _DMACS1bits = 0x3e2
                    0x03e4                  DSADR = 0x3e4
                    0x03e4                  _DSADR = 0x3e4
                    0x0400                  C1CTRL1 = 0x400
                    0x0400                  _C1CTRL1 = 0x400
                    0x0400                  _C1CTRL1bits = 0x400
                    0x0402                  C1CTRL2 = 0x402
                    0x0402                  _C1CTRL2 = 0x402
                    0x0402                  _C1CTRL2bits = 0x402
                    0x0404                  C1VEC = 0x404
                    0x0404                  _C1VEC = 0x404
                    0x0404                  _C1VECbits = 0x404
                    0x0406                  C1FCTRL = 0x406
                    0x0406                  _C1FCTRL = 0x406
                    0x0406                  _C1FCTRLbits = 0x406
                    0x0408                  C1FIFO = 0x408
                    0x0408                  _C1FIFO = 0x408
                    0x0408                  _C1FIFObits = 0x408
                    0x040a                  C1INTF = 0x40a
                    0x040a                  _C1INTF = 0x40a
                    0x040a                  _C1INTFbits = 0x40a
                    0x040c                  C1INTE = 0x40c
                    0x040c                  _C1INTE = 0x40c
                    0x040c                  _C1INTEbits = 0x40c
                    0x040e                  C1EC = 0x40e
                    0x040e                  _C1EC = 0x40e
                    0x040e                  _C1ECbits = 0x40e
                    0x040e                  C1RERRCNT = 0x40e
                    0x040e                  _C1RERRCNT = 0x40e
                    0x040f                  C1TERRCNT = 0x40f
                    0x040f                  _C1TERRCNT = 0x40f
                    0x0410                  C1CFG1 = 0x410
                    0x0410                  _C1CFG1 = 0x410
                    0x0410                  _C1CFG1bits = 0x410
                    0x0412                  C1CFG2 = 0x412
                    0x0412                  _C1CFG2 = 0x412
                    0x0412                  _C1CFG2bits = 0x412
                    0x0414                  C1FEN1 = 0x414
                    0x0414                  _C1FEN1 = 0x414
                    0x0414                  _C1FEN1bits = 0x414
                    0x0418                  C1FMSKSEL1 = 0x418
                    0x0418                  _C1FMSKSEL1 = 0x418
                    0x0418                  _C1FMSKSEL1bits = 0x418
                    0x041a                  C1FMSKSEL2 = 0x41a
                    0x041a                  _C1FMSKSEL2 = 0x41a
                    0x041a                  _C1FMSKSEL2bits = 0x41a
                    0x0420                  C1BUFPNT1 = 0x420
                    0x0420                  _C1BUFPNT1 = 0x420
                    0x0420                  _C1BUFPNT1bits = 0x420
                    0x0420                  C1RXFUL1 = 0x420
                    0x0420                  _C1RXFUL1 = 0x420
                    0x0420                  _C1RXFUL1bits = 0x420
                    0x0422                  C1BUFPNT2 = 0x422
                    0x0422                  _C1BUFPNT2 = 0x422
                    0x0422                  _C1BUFPNT2bits = 0x422
                    0x0422                  C1RXFUL2 = 0x422
                    0x0422                  _C1RXFUL2 = 0x422
                    0x0422                  _C1RXFUL2bits = 0x422
                    0x0424                  C1BUFPNT3 = 0x424
                    0x0424                  _C1BUFPNT3 = 0x424
                    0x0424                  _C1BUFPNT3bits = 0x424
                    0x0426                  C1BUFPNT4 = 0x426
                    0x0426                  _C1BUFPNT4 = 0x426
                    0x0426                  _C1BUFPNT4bits = 0x426
                    0x0428                  C1RXOVF1 = 0x428
                    0x0428                  _C1RXOVF1 = 0x428
                    0x0428                  _C1RXOVF1bits = 0x428
                    0x042a                  C1RXOVF2 = 0x42a
                    0x042a                  _C1RXOVF2 = 0x42a
                    0x042a                  _C1RXOVF2bits = 0x42a
                    0x0430                  C1RXM0SID = 0x430
                    0x0430                  _C1RXM0SID = 0x430
                    0x0430                  _C1RXM0SIDbits = 0x430
                    0x0430                  C1TR01CON = 0x430
                    0x0430                  _C1TR01CON = 0x430
                    0x0430                  _C1TR01CONbits = 0x430
                    0x0432                  C1RXM0EID = 0x432
                    0x0432                  _C1RXM0EID = 0x432
                    0x0432                  _C1RXM0EIDbits = 0x432
                    0x0432                  C1TR23CON = 0x432
                    0x0432                  _C1TR23CON = 0x432
                    0x0432                  _C1TR23CONbits = 0x432
                    0x0434                  C1RXM1SID = 0x434
                    0x0434                  _C1RXM1SID = 0x434
                    0x0434                  _C1RXM1SIDbits = 0x434
                    0x0434                  C1TR45CON = 0x434
                    0x0434                  _C1TR45CON = 0x434
                    0x0434                  _C1TR45CONbits = 0x434
                    0x0436                  C1RXM1EID = 0x436
                    0x0436                  _C1RXM1EID = 0x436
                    0x0436                  _C1RXM1EIDbits = 0x436
                    0x0436                  C1TR67CON = 0x436
                    0x0436                  _C1TR67CON = 0x436
                    0x0436                  _C1TR67CONbits = 0x436
                    0x0438                  C1RXM2SID = 0x438
                    0x0438                  _C1RXM2SID = 0x438
                    0x0438                  _C1RXM2SIDbits = 0x438
                    0x043a                  C1RXM2EID = 0x43a
                    0x043a                  _C1RXM2EID = 0x43a
                    0x043a                  _C1RXM2EIDbits = 0x43a
                    0x0440                  C1RXD = 0x440
                    0x0440                  _C1RXD = 0x440
                    0x0440                  C1RXF0SID = 0x440
                    0x0440                  _C1RXF0SID = 0x440
                    0x0440                  _C1RXF0SIDbits = 0x440
                    0x0442                  C1RXF0EID = 0x442
                    0x0442                  _C1RXF0EID = 0x442
                    0x0442                  _C1RXF0EIDbits = 0x442
                    0x0442                  C1TXD = 0x442
                    0x0442                  _C1TXD = 0x442
                    0x0444                  C1RXF1SID = 0x444
                    0x0444                  _C1RXF1SID = 0x444
                    0x0444                  _C1RXF1SIDbits = 0x444
                    0x0446                  C1RXF1EID = 0x446
                    0x0446                  _C1RXF1EID = 0x446
                    0x0446                  _C1RXF1EIDbits = 0x446
                    0x0448                  C1RXF2SID = 0x448
                    0x0448                  _C1RXF2SID = 0x448
                    0x0448                  _C1RXF2SIDbits = 0x448
                    0x044a                  C1RXF2EID = 0x44a
                    0x044a                  _C1RXF2EID = 0x44a
                    0x044a                  _C1RXF2EIDbits = 0x44a
                    0x044c                  C1RXF3SID = 0x44c
                    0x044c                  _C1RXF3SID = 0x44c
                    0x044c                  _C1RXF3SIDbits = 0x44c
                    0x044e                  C1RXF3EID = 0x44e
                    0x044e                  _C1RXF3EID = 0x44e
                    0x044e                  _C1RXF3EIDbits = 0x44e
                    0x0450                  C1RXF4SID = 0x450
                    0x0450                  _C1RXF4SID = 0x450
                    0x0450                  _C1RXF4SIDbits = 0x450
                    0x0452                  C1RXF4EID = 0x452
                    0x0452                  _C1RXF4EID = 0x452
                    0x0452                  _C1RXF4EIDbits = 0x452
                    0x0454                  C1RXF5SID = 0x454
                    0x0454                  _C1RXF5SID = 0x454
                    0x0454                  _C1RXF5SIDbits = 0x454
                    0x0456                  C1RXF5EID = 0x456
                    0x0456                  _C1RXF5EID = 0x456
                    0x0456                  _C1RXF5EIDbits = 0x456
                    0x0458                  C1RXF6SID = 0x458
                    0x0458                  _C1RXF6SID = 0x458
                    0x0458                  _C1RXF6SIDbits = 0x458
                    0x045a                  C1RXF6EID = 0x45a
                    0x045a                  _C1RXF6EID = 0x45a
                    0x045a                  _C1RXF6EIDbits = 0x45a
                    0x045c                  C1RXF7SID = 0x45c
                    0x045c                  _C1RXF7SID = 0x45c
                    0x045c                  _C1RXF7SIDbits = 0x45c
                    0x045e                  C1RXF7EID = 0x45e
                    0x045e                  _C1RXF7EID = 0x45e
                    0x045e                  _C1RXF7EIDbits = 0x45e
                    0x0460                  C1RXF8SID = 0x460
                    0x0460                  _C1RXF8SID = 0x460
                    0x0460                  _C1RXF8SIDbits = 0x460
                    0x0462                  C1RXF8EID = 0x462
                    0x0462                  _C1RXF8EID = 0x462
                    0x0462                  _C1RXF8EIDbits = 0x462
                    0x0464                  C1RXF9SID = 0x464
                    0x0464                  _C1RXF9SID = 0x464
                    0x0464                  _C1RXF9SIDbits = 0x464
                    0x0466                  C1RXF9EID = 0x466
                    0x0466                  _C1RXF9EID = 0x466
                    0x0466                  _C1RXF9EIDbits = 0x466
                    0x0468                  C1RXF10SID = 0x468
                    0x0468                  _C1RXF10SID = 0x468
                    0x0468                  _C1RXF10SIDbits = 0x468
                    0x046a                  C1RXF10EID = 0x46a
                    0x046a                  _C1RXF10EID = 0x46a
                    0x046a                  _C1RXF10EIDbits = 0x46a
                    0x046c                  C1RXF11SID = 0x46c
                    0x046c                  _C1RXF11SID = 0x46c
                    0x046c                  _C1RXF11SIDbits = 0x46c
                    0x046e                  C1RXF11EID = 0x46e
                    0x046e                  _C1RXF11EID = 0x46e
                    0x046e                  _C1RXF11EIDbits = 0x46e
                    0x0470                  C1RXF12SID = 0x470
                    0x0470                  _C1RXF12SID = 0x470
                    0x0470                  _C1RXF12SIDbits = 0x470
                    0x0472                  C1RXF12EID = 0x472
                    0x0472                  _C1RXF12EID = 0x472
                    0x0472                  _C1RXF12EIDbits = 0x472
                    0x0474                  C1RXF13SID = 0x474
                    0x0474                  _C1RXF13SID = 0x474
                    0x0474                  _C1RXF13SIDbits = 0x474
                    0x0476                  C1RXF13EID = 0x476
                    0x0476                  _C1RXF13EID = 0x476
                    0x0476                  _C1RXF13EIDbits = 0x476
                    0x0478                  C1RXF14SID = 0x478
                    0x0478                  _C1RXF14SID = 0x478
                    0x0478                  _C1RXF14SIDbits = 0x478
                    0x047a                  C1RXF14EID = 0x47a
                    0x047a                  _C1RXF14EID = 0x47a
                    0x047a                  _C1RXF14EIDbits = 0x47a
                    0x047c                  C1RXF15SID = 0x47c
                    0x047c                  _C1RXF15SID = 0x47c
                    0x047c                  _C1RXF15SIDbits = 0x47c
                    0x047e                  C1RXF15EID = 0x47e
                    0x047e                  _C1RXF15EID = 0x47e
                    0x047e                  _C1RXF15EIDbits = 0x47e
                    0x0600                  PMCON = 0x600
                    0x0600                  _PMCON = 0x600
                    0x0600                  _PMCONbits = 0x600
                    0x0602                  PMMODE = 0x602
                    0x0602                  _PMMODE = 0x602
                    0x0602                  _PMMODEbits = 0x602
                    0x0604                  PMADDR = 0x604
                    0x0604                  _PMADDR = 0x604
                    0x0604                  _PMADDRbits = 0x604
                    0x0604                  PMDOUT1 = 0x604
                    0x0604                  _PMDOUT1 = 0x604
                    0x0606                  PMDOUT2 = 0x606
                    0x0606                  _PMDOUT2 = 0x606
                    0x0608                  PMDIN1 = 0x608
                    0x0608                  _PMDIN1 = 0x608
                    0x060a                  PMDIN2 = 0x60a
                    0x060a                  _PMDIN2 = 0x60a
                    0x060c                  PMAEN = 0x60c
                    0x060c                  _PMAEN = 0x60c
                    0x060c                  _PMAENbits = 0x60c
                    0x060e                  PMSTAT = 0x60e
                    0x060e                  _PMSTAT = 0x60e
                    0x060e                  _PMSTATbits = 0x60e
                    0x0620                  ALRMVAL = 0x620
                    0x0620                  _ALRMVAL = 0x620
                    0x0622                  ALCFGRPT = 0x622
                    0x0622                  _ALCFGRPT = 0x622
                    0x0622                  _ALCFGRPTbits = 0x622
                    0x0624                  RTCVAL = 0x624
                    0x0624                  _RTCVAL = 0x624
                    0x0626                  RCFGCAL = 0x626
                    0x0626                  _RCFGCAL = 0x626
                    0x0626                  _RCFGCALbits = 0x626
                    0x0630                  CMCON = 0x630
                    0x0630                  _CMCON = 0x630
                    0x0630                  _CMCONbits = 0x630
                    0x0632                  CVRCON = 0x632
                    0x0632                  _CVRCON = 0x632
                    0x0632                  _CVRCONbits = 0x632
                    0x0640                  CRCCON = 0x640
                    0x0640                  _CRCCON = 0x640
                    0x0640                  _CRCCONbits = 0x640
                    0x0642                  CRCXOR = 0x642
                    0x0642                  _CRCXOR = 0x642
                    0x0644                  CRCDAT = 0x644
                    0x0644                  _CRCDAT = 0x644
                    0x0646                  CRCWDAT = 0x646
                    0x0646                  _CRCWDAT = 0x646
                    0x0680                  RPINR0 = 0x680
                    0x0680                  _RPINR0 = 0x680
                    0x0680                  _RPINR0bits = 0x680
                    0x0682                  RPINR1 = 0x682
                    0x0682                  _RPINR1 = 0x682
                    0x0682                  _RPINR1bits = 0x682
                    0x0686                  RPINR3 = 0x686
                    0x0686                  _RPINR3 = 0x686
                    0x0686                  _RPINR3bits = 0x686
                    0x0688                  RPINR4 = 0x688
                    0x0688                  _RPINR4 = 0x688
                    0x0688                  _RPINR4bits = 0x688
                    0x068e                  RPINR7 = 0x68e
                    0x068e                  _RPINR7 = 0x68e
                    0x068e                  _RPINR7bits = 0x68e
                    0x0694                  RPINR10 = 0x694
                    0x0694                  _RPINR10 = 0x694
                    0x0694                  _RPINR10bits = 0x694
                    0x0696                  RPINR11 = 0x696
                    0x0696                  _RPINR11 = 0x696
                    0x0696                  _RPINR11bits = 0x696
                    0x06a4                  RPINR18 = 0x6a4
                    0x06a4                  _RPINR18 = 0x6a4
                    0x06a4                  _RPINR18bits = 0x6a4
                    0x06a6                  RPINR19 = 0x6a6
                    0x06a6                  _RPINR19 = 0x6a6
                    0x06a6                  _RPINR19bits = 0x6a6
                    0x06a8                  RPINR20 = 0x6a8
                    0x06a8                  _RPINR20 = 0x6a8
                    0x06a8                  _RPINR20bits = 0x6a8
                    0x06aa                  RPINR21 = 0x6aa
                    0x06aa                  _RPINR21 = 0x6aa
                    0x06aa                  _RPINR21bits = 0x6aa
                    0x06ac                  RPINR22 = 0x6ac
                    0x06ac                  _RPINR22 = 0x6ac
                    0x06ac                  _RPINR22bits = 0x6ac
                    0x06ae                  RPINR23 = 0x6ae
                    0x06ae                  _RPINR23 = 0x6ae
                    0x06ae                  _RPINR23bits = 0x6ae
                    0x06b4                  RPINR26 = 0x6b4
                    0x06b4                  _RPINR26 = 0x6b4
                    0x06b4                  _RPINR26bits = 0x6b4
                    0x06c0                  RPOR0 = 0x6c0
                    0x06c0                  _RPOR0 = 0x6c0
                    0x06c0                  _RPOR0bits = 0x6c0
                    0x06c2                  RPOR1 = 0x6c2
                    0x06c2                  _RPOR1 = 0x6c2
                    0x06c2                  _RPOR1bits = 0x6c2
                    0x06c4                  RPOR2 = 0x6c4
                    0x06c4                  _RPOR2 = 0x6c4
                    0x06c4                  _RPOR2bits = 0x6c4
                    0x06c6                  RPOR3 = 0x6c6
                    0x06c6                  _RPOR3 = 0x6c6
                    0x06c6                  _RPOR3bits = 0x6c6
                    0x06c8                  RPOR4 = 0x6c8
                    0x06c8                  _RPOR4 = 0x6c8
                    0x06c8                  _RPOR4bits = 0x6c8
                    0x06ca                  RPOR5 = 0x6ca
                    0x06ca                  _RPOR5 = 0x6ca
                    0x06ca                  _RPOR5bits = 0x6ca
                    0x06cc                  RPOR6 = 0x6cc
                    0x06cc                  _RPOR6 = 0x6cc
                    0x06cc                  _RPOR6bits = 0x6cc
                    0x06ce                  RPOR7 = 0x6ce
                    0x06ce                  _RPOR7 = 0x6ce
                    0x06ce                  _RPOR7bits = 0x6ce
                    0x0740                  RCON = 0x740
                    0x0740                  _RCON = 0x740
                    0x0740                  _RCONbits = 0x740
                    0x0742                  OSCCON = 0x742
                    0x0742                  _OSCCON = 0x742
                    0x0742                  _OSCCONbits = 0x742
                    0x0742                  OSCCONL = 0x742
                    0x0742                  _OSCCONL = 0x742
                    0x0743                  OSCCONH = 0x743
                    0x0743                  _OSCCONH = 0x743
                    0x0744                  CLKDIV = 0x744
                    0x0744                  _CLKDIV = 0x744
                    0x0744                  _CLKDIVbits = 0x744
                    0x0746                  PLLFBD = 0x746
                    0x0746                  _PLLFBD = 0x746
                    0x0746                  _PLLFBDbits = 0x746
                    0x0748                  OSCTUN = 0x748
                    0x0748                  _OSCTUN = 0x748
                    0x0748                  _OSCTUNbits = 0x748
                    0x0750                  BSRAM = 0x750
                    0x0750                  _BSRAM = 0x750
                    0x0750                  _BSRAMbits = 0x750
                    0x0752                  SSRAM = 0x752
                    0x0752                  _SSRAM = 0x752
                    0x0752                  _SSRAMbits = 0x752
                    0x0760                  NVMCON = 0x760
                    0x0760                  _NVMCON = 0x760
                    0x0760                  _NVMCONbits = 0x760
                    0x0766                  NVMKEY = 0x766
                    0x0766                  _NVMKEY = 0x766
                    0x0770                  PMD1 = 0x770
                    0x0770                  _PMD1 = 0x770
                    0x0770                  _PMD1bits = 0x770
                    0x0772                  PMD2 = 0x772
                    0x0772                  _PMD2 = 0x772
                    0x0772                  _PMD2bits = 0x772
                    0x0774                  PMD3 = 0x774
                    0x0774                  _PMD3 = 0x774
                    0x0774                  _PMD3bits = 0x774
                    0x0440                  CAN1 = 0x440
                    0x0440                  _CAN1 = 0x440
                    0x0140                  IC1 = 0x140
                    0x0140                  _IC1 = 0x140
                    0x0144                  IC2 = 0x144
                    0x0144                  _IC2 = 0x144
                    0x0158                  IC7 = 0x158
                    0x0158                  _IC7 = 0x158
                    0x015c                  IC8 = 0x15c
                    0x015c                  _IC8 = 0x15c
                    0x0180                  OC1 = 0x180
                    0x0180                  _OC1 = 0x180
                    0x0186                  OC2 = 0x186
                    0x0186                  _OC2 = 0x186
                    0x018c                  OC3 = 0x18c
                    0x018c                  _OC3 = 0x18c
                    0x0192                  OC4 = 0x192
                    0x0192                  _OC4 = 0x192
                    0x0240                  SPI1 = 0x240
                    0x0240                  _SPI1 = 0x240
                    0x0260                  SPI2 = 0x260
                    0x0260                  _SPI2 = 0x260
                    0x0220                  UART1 = 0x220
                    0x0220                  _UART1 = 0x220
                    0x0230                  UART2 = 0x230
                    0x0230                  _UART2 = 0x230
START GROUP
LOAD c:/program files (x86)/microchip/xc16/v1.36/bin/bin/../../lib\liblega-pic30-elf.a
LOAD c:/program files (x86)/microchip/xc16/v1.36/bin/bin/../../lib\libm-elf.a
LOAD c:/program files (x86)/microchip/xc16/v1.36/bin/bin/../../lib\liblega-c-elf.a
END GROUP
OUTPUT(dist/default/production/temperature_alarm.X.production.elf elf32-pic30)
LOAD /CW/_FGSù„
LOAD /CW/_FSSP-‰
LOAD /CW/_FBS8˝„
LOAD jump_table
LOAD data_init

.debug_pubtypes
                  0x000178        0xb9e
 .debug_pubtypes
                  0x000178         0x53 build/default/production/_ext/387578564/dataXfer.o
 .debug_pubtypes
                  0x0001cb         0x75 build/default/production/_ext/387578564/dataXferImpl.o
 .debug_pubtypes
                  0x000240         0xc2 build/default/production/_ext/387578564/pic24_adc.o
 .debug_pubtypes
                  0x000302         0xfa build/default/production/_ext/387578564/pic24_clockfreq.o
 .debug_pubtypes
                  0x0003fc         0x12 build/default/production/_ext/387578564/pic24_configbits.o
 .debug_pubtypes
                  0x00040e        0x185 build/default/production/_ext/387578564/pic24_ecan.o
 .debug_pubtypes
                  0x000593         0x51 build/default/production/_ext/387578564/pic24_flash.o
 .debug_pubtypes
                  0x0005e4         0x90 build/default/production/_ext/387578564/pic24_i2c.o
 .debug_pubtypes
                  0x000674         0x82 build/default/production/_ext/387578564/pic24_serial.o
 .debug_pubtypes
                  0x0006f6         0xa3 build/default/production/_ext/387578564/pic24_spi.o
 .debug_pubtypes
                  0x000799        0x11e build/default/production/_ext/387578564/pic24_stdio_uart.o
 .debug_pubtypes
                  0x0008b7         0x38 build/default/production/_ext/387578564/pic24_timer.o
 .debug_pubtypes
                  0x0008ef        0x132 build/default/production/_ext/387578564/pic24_uart.o
 .debug_pubtypes
                  0x000a21        0x136 build/default/production/_ext/387578564/pic24_util.o
 .debug_pubtypes
                  0x000b57        0x1bf build/default/production/_ext/1472/main_temperature_alarm.o

__c30_signature
                  0x000d16         0xd8
 __c30_signature
                  0x000d16          0x6 build/default/production/_ext/387578564/dataXfer.o
 __c30_signature
                  0x000d1c          0x6 build/default/production/_ext/387578564/dataXferImpl.o
 __c30_signature
                  0x000d22          0x6 build/default/production/_ext/387578564/pic24_adc.o
 __c30_signature
                  0x000d28          0x6 build/default/production/_ext/387578564/pic24_clockfreq.o
 __c30_signature
                  0x000d2e          0x6 build/default/production/_ext/387578564/pic24_configbits.o
 __c30_signature
                  0x000d34          0x6 build/default/production/_ext/387578564/pic24_ecan.o
 __c30_signature
                  0x000d3a          0x6 build/default/production/_ext/387578564/pic24_flash.o
 __c30_signature
                  0x000d40          0x6 build/default/production/_ext/387578564/pic24_i2c.o
 __c30_signature
                  0x000d46          0x6 build/default/production/_ext/387578564/pic24_serial.o
 __c30_signature
                  0x000d4c          0x6 build/default/production/_ext/387578564/pic24_spi.o
 __c30_signature
                  0x000d52          0x6 build/default/production/_ext/387578564/pic24_stdio_uart.o
 __c30_signature
                  0x000d58          0x6 build/default/production/_ext/387578564/pic24_timer.o
 __c30_signature
                  0x000d5e          0x6 build/default/production/_ext/387578564/pic24_uart.o
 __c30_signature
                  0x000d64          0x6 build/default/production/_ext/387578564/pic24_util.o
 __c30_signature
                  0x000d6a          0x6 build/default/production/_ext/1472/main_temperature_alarm.o
 __c30_signature
                  0x000d70          0x6 c:/program files (x86)/microchip/xc16/v1.36/bin/bin/../../lib\liblega-pic30-elf.a(crt0_standard.o)
 __c30_signature
                  0x000d76          0x6 c:/program files (x86)/microchip/xc16/v1.36/bin/bin/../../lib\liblega-pic30-elf.a(data_init_standard.o)
 __c30_signature
                  0x000d7c          0x6 c:/program files (x86)/microchip/xc16/v1.36/bin/bin/../../lib\liblega-pic30-elf.a(c30_uart.Leo)
 __c30_signature
                  0x000d82          0x6 c:/program files (x86)/microchip/xc16/v1.36/bin/bin/../../lib\liblega-pic30-elf.a(delay32.Leo)
 __c30_signature
                  0x000d88          0x6 c:/program files (x86)/microchip/xc16/v1.36/bin/bin/../../lib\libm-elf.a(addsf3.eo)
 __c30_signature
                  0x000d8e          0x6 c:/program files (x86)/microchip/xc16/v1.36/bin/bin/../../lib\libm-elf.a(divsf3.eo)
 __c30_signature
                  0x000d94          0x6 c:/program files (x86)/microchip/xc16/v1.36/bin/bin/../../lib\libm-elf.a(divsi3.eo)
 __c30_signature
                  0x000d9a          0x6 c:/program files (x86)/microchip/xc16/v1.36/bin/bin/../../lib\libm-elf.a(feqltle.eo)
 __c30_signature
                  0x000da0          0x6 c:/program files (x86)/microchip/xc16/v1.36/bin/bin/../../lib\libm-elf.a(fgtge.eo)
 __c30_signature
                  0x000da6          0x6 c:/program files (x86)/microchip/xc16/v1.36/bin/bin/../../lib\libm-elf.a(fixunssfsi.eo)
 __c30_signature
                  0x000dac          0x6 c:/program files (x86)/microchip/xc16/v1.36/bin/bin/../../lib\libm-elf.a(floatunsisf.eo)
 __c30_signature
                  0x000db2          0x6 c:/program files (x86)/microchip/xc16/v1.36/bin/bin/../../lib\libm-elf.a(fpack.eo)
 __c30_signature
                  0x000db8          0x6 c:/program files (x86)/microchip/xc16/v1.36/bin/bin/../../lib\libm-elf.a(funpack.eo)
 __c30_signature
                  0x000dbe          0x6 c:/program files (x86)/microchip/xc16/v1.36/bin/bin/../../lib\libm-elf.a(funpack2.eo)
 __c30_signature
                  0x000dc4          0x6 c:/program files (x86)/microchip/xc16/v1.36/bin/bin/../../lib\libm-elf.a(futil.eo)
 __c30_signature
                  0x000dca          0x6 c:/program files (x86)/microchip/xc16/v1.36/bin/bin/../../lib\libm-elf.a(mulsf3.eo)
 __c30_signature
                  0x000dd0          0x6 c:/program files (x86)/microchip/xc16/v1.36/bin/bin/../../lib\libm-elf.a(udivsi3.eo)
 __c30_signature
                  0x000dd6          0x6 c:/program files (x86)/microchip/xc16/v1.36/bin/bin/../../lib\libm-elf.a(fcompare.eo)
 __c30_signature
                  0x000ddc          0x6 c:/program files (x86)/microchip/xc16/v1.36/bin/bin/../../lib\libm-elf.a(floatundisf.eo)
 __c30_signature
                  0x000de2          0x6 c:/program files (x86)/microchip/xc16/v1.36/bin/bin/../../lib\liblega-c-elf.a(memset.XX_eo)
 __c30_signature
                  0x000de8          0x6 c:/program files (x86)/microchip/xc16/v1.36/bin/bin/../../lib\liblega-c-elf.a(strlen.XX_eo)

.nbss               0x0800         0x1a
 .nbss              0x0800         0x10 build/default/production/_ext/387578564/dataXferImpl.o
 .nbss              0x0810          0x6 build/default/production/_ext/1472/main_temperature_alarm.o
                    0x0810                  _state
                    0x0812                  _temp_f
 .nbss              0x0816          0x4 build/default/production/_ext/387578564/pic24_clockfreq.o

_049636605c44cff8
                    0x081a          0x4
 _049636605c44cff8
                    0x081a          0x4 build/default/production/_ext/387578564/pic24_util.o
                    0x081a                  _u32_heartbeatCount

_04A73DE05c44cff8
                    0x081e          0x2
 _04A73DE05c44cff8
                    0x081e          0x2 build/default/production/_ext/387578564/pic24_util.o

_049636005c44cff8
                    0x0820          0x2
 _049636005c44cff8
                    0x0820          0x2 build/default/production/_ext/387578564/pic24_util.o
                    0x0820                  _sz_lastTimeoutError

_04A73EA05c44cff8
                    0x0822          0x2
 _04A73EA05c44cff8
                    0x0822          0x2 build/default/production/_ext/387578564/pic24_util.o

.bss                0x0824        0x100
 .bss               0x0824        0x100 build/default/production/_ext/387578564/dataXferImpl.o
                    0x0824                  _xferVar
                    0x091c                  _au8_xferVarWriteable

.data               0x0924         0x3a
 .data              0x0924         0x28 build/default/production/_ext/387578564/pic24_stdio_uart.o
                    0x0924                  _FILES
 .data              0x094c         0x12 build/default/production/_ext/387578564/dataXferImpl.o

.bss                0x095e          0x4
 .bss               0x095e          0x4 build/default/production/_ext/1472/main_temperature_alarm.o
                    0x095e                  _temp_f_ascii

.data               0x0962          0x2
 .data              0x0962          0x2 c:/program files (x86)/microchip/xc16/v1.36/bin/bin/../../lib\liblega-pic30-elf.a(c30_uart.Leo)
                    0x0962                  ___C30_UART

.config_JTAGEN    0xf8000e          0x2
 .config_JTAGEN
                  0xf8000e          0x2 build/default/production/_ext/387578564/pic24_configbits.o

.config_ALTI2C    0xf8000c          0x2
 .config_ALTI2C
                  0xf8000c          0x2 build/default/production/_ext/387578564/pic24_configbits.o

.config_FWDTEN    0xf8000a          0x2
 .config_FWDTEN
                  0xf8000a          0x2 build/default/production/_ext/387578564/pic24_configbits.o

.config_FCKSM     0xf80008          0x2
 .config_FCKSM    0xf80008          0x2 build/default/production/_ext/387578564/pic24_configbits.o

.config_IESO      0xf80006          0x2
 .config_IESO     0xf80006          0x2 build/default/production/_ext/387578564/pic24_configbits.o

.const              0x88e6       0x122c load address 0x0008e6  
 .const             0x88e6        0x58a build/default/production/_ext/387578564/pic24_util.o
 .const             0x8e70        0x3d2 build/default/production/_ext/387578564/dataXferImpl.o
 .const             0x9242        0x222 build/default/production/_ext/387578564/dataXfer.o
 .const             0x9464        0x154 build/default/production/_ext/387578564/pic24_uart.o
 .const             0x95b8        0x13a build/default/production/_ext/387578564/pic24_serial.o
 .const             0x96f2        0x136 build/default/production/_ext/387578564/pic24_timer.o
 .const             0x9828         0xf6 build/default/production/_ext/387578564/pic24_clockfreq.o
 .const             0x991e         0xe4 build/default/production/_ext/387578564/pic24_flash.o
 .const             0x9a02         0x76 build/default/production/_ext/1472/main_temperature_alarm.o
 .const             0x9a78         0x4a build/default/production/_ext/387578564/pic24_i2c.o
 .const             0x9ac2         0x2e build/default/production/_ext/387578564/pic24_spi.o
 .const             0x9af0         0x14 build/default/production/_ext/387578564/pic24_stdio_uart.o
 .const             0x9b04          0xe build/default/production/_ext/387578564/pic24_adc.o

.text             0x001b12       0x22e6
 .text            0x001b12        0x5ec build/default/production/_ext/387578564/pic24_ecan.o
                  0x001b12                  _formatStandardDataFrameECAN
                  0x001b86                  _formatExtendedDataFrameECAN
                  0x001c3a                  _getIdExtendedDataFrameECAN
                  0x001c90                  _configBaudECAN1
                  0x001c9e                  _clrRxFullFlagECAN1
                  0x001cd6                  _getRxFullFlagECAN1
                  0x001d0a                  _clrRxFullOvfFlagsECAN1
                  0x001d18                  _configTxRxBufferECAN1
                  0x001e7e                  _startTxECAN1
                  0x001ed0                  _getTxInProgressECAN1
                  0x001f40                  _configRxFilterECAN1
                  0x00205e                  _configRxMaskECAN1
 .text            0x0020fe        0x420 build/default/production/_ext/387578564/dataXferImpl.o
                  0x002112                  _resetCommandFindMachine
                  0x00211c                  _stepCommandFindMachine
                  0x0021b8                  _getReceiveMachineState
                  0x0021c0                  _getReceiveMachineOutChar
                  0x0021c8                  _getReceiveMachineIndex
                  0x0021d0                  _getReceiveMachineError
                  0x0021de                  _resetReceiveMachine
                  0x0021ea                  _clearReceiveMachineError
                  0x0021f2                  _clearReceiveStruct
                  0x002208                  _isReceiveMachineChar
                  0x00222a                  _isReceiveMachineData
                  0x00224c                  _getVarIndex
                  0x00225e                  _getVarLength
                  0x0022b6                  _assignBit
                  0x0022fe                  _isVarWriteable
                  0x002350                  _notifyOfTimeout
                  0x002364                  _stepReceiveMachine
                  0x0024f6                  _getReceiveErrorString
 .text            0x00251e        0x410 build/default/production/_ext/387578564/pic24_util.o
                  0x00253a                  _configHeartbeat
                  0x002552                  _doHeartbeat
                  0x002578                  _toggleHeartbeat
                  0x002598                  _reportError
                  0x0025ac                  _readProgramMemory
                  0x0025d8                  _checkDeviceAndRevision
                  0x00267c                  _checkOscOption
                  0x0026e8                  _printResetCause
                  0x002812                  _configBasic
                  0x00282a                  _roundFloatToUint32
                  0x00286a                  _roundFloatToUint16
                  0x0028a6                  _compute_brg
 .text            0x00292e        0x2e2 build/default/production/_ext/387578564/pic24_serial.o
                  0x00292e                  _outChar
                  0x002952                  _outString
                  0x0029ca                  _inString
                  0x0029de                  _inStringEcho
                  0x0029f2                  _outUint8NoLeader
                  0x002a2e                  _outUint8
                  0x002a3e                  _outUint16
                  0x002a5c                  _outUint32
                  0x002a9c                  _outUint8Decimal
                  0x002b36                  _outUint16Decimal
                  0x002bb0                  _inChar
                  0x002bd0                  _inCharEcho
                  0x002be0                  _isCharReady
                  0x002c00                  _configDefaultUART
 .text            0x002c10        0x2b4 build/default/production/_ext/387578564/pic24_i2c.o
                  0x002c10                  _configI2C1
                  0x002c3c                  _startI2C1
                  0x002c70                  _rstartI2C1
                  0x002ca4                  _stopI2C1
                  0x002cd8                  _putI2C1
                  0x002d22                  _putNoAckCheckI2C1
                  0x002d64                  _getI2C1
                  0x002dd4                  _write1I2C1
                  0x002dec                  _write2I2C1
                  0x002e0a                  _writeNI2C1
                  0x002e3c                  _read1I2C1
                  0x002e58                  _read2I2C1
                  0x002e7e                  _readNI2C1
 .text            0x002ec4        0x284 build/default/production/_ext/387578564/dataXfer.o
                  0x002ed8                  _initDataXfer
                  0x002ee2                  _outCharXfer
                  0x002efa                  _specifyVar
                  0x003032                  _sendVar
                  0x0030b4                  _receiveVar
                  0x003134                  _inCharXfer
 .text            0x003148        0x26a build/default/production/_ext/1472/main_temperature_alarm.o
                  0x003172                  _Tickfct
                  0x0032a8                  _convertTempToASCII
                  0x00331c                  _main
 .text            0x0033b2        0x254 build/default/production/_ext/387578564/pic24_timer.o
                  0x0033c6                  _msToU16Ticks
                  0x003418                  _usToU16Ticks
                  0x00346a                  _usToU32Ticks
                  0x0034ac                  _ticksToMs
                  0x0034e4                  _ticksToUs
                  0x00351c                  _ticksToNs
                  0x003554                  _getTimerPrescaleBits
                  0x003582                  _computeDeltaTicksLong
                  0x0035dc                  _computeDeltaTicks
 .text            0x003606        0x208 build/default/production/_ext/387578564/pic24_clockfreq.o
                  0x0036b2                  _switchClock
                  0x00375a                  _configClockSim
                  0x003760                  _configClockPRI_NO_PLL_7372KHzCrystal
                  0x00376a                  _configClockFRC_FCY3685KHz
                  0x00377c                  _configClockFRCPLL_FCY40MHz
                  0x0037b0                  _configClockPRIPLL_7372KHzCrystal_40MHzFCY
                  0x0037da                  _configClockPRIPLL_8MHzCrystal_40MHzFCY
                  0x003804                  _configClockPRI_8MHzCrystal_4MHzFCY
 .text            0x00380e        0x1ea build/default/production/_ext/387578564/pic24_flash.o
                  0x003822                  _doWriteLatchFlash
                  0x003842                  _doReadLatchFlash
                  0x003860                  _doErasePageFlash
                  0x0038ac                  _doWriteRowFlash
                  0x0038de                  _doWritePageFlash
                  0x003990                  _doReadPageFlash
 .text            0x0039f8        0x1dc build/default/production/_ext/387578564/pic24_uart.o
                  0x003a2e                  _checkRxErrorUART1
                  0x003a62                  _outChar1
                  0x003a7c                  _isCharReady1
                  0x003a88                  _inChar1
                  0x003aa0                  _configUART1
                  0x003b12                  _checkRxErrorUART2
                  0x003b46                  _outChar2
                  0x003b60                  _isCharReady2
                  0x003b6c                  _inChar2
                  0x003b84                  _configUART2
 .text            0x003bd4        0x1ba build/default/production/_ext/387578564/pic24_adc.o
                  0x003be6                  _convertADC1
                  0x003c16                  _configADC1_ManualCH0
                  0x003c52                  _configADC1_AutoScanIrqCH0
                  0x003cd4                  _configADC1_AutoHalfScanIrqCH0
                  0x003d56                  _configADC1_Simul4ChanIrq
 .text            0x003d8e         0x6a build/default/production/_ext/387578564/pic24_spi.o
                  0x003d8e                  _checkRxErrorSPI1
                  0x003da4                  _ioMasterSPI1
                  0x003dc4                  _checkRxErrorSPI2
                  0x003dda                  _ioMasterSPI2

.dinit            0x003df8         0x5c
 .dinit           0x003df8         0x5c data_init

.text             0x003e54         0x54
 .text            0x003e54         0x54 build/default/production/_ext/387578564/pic24_stdio_uart.o

.init.delay32     0x003ea8         0x1c
 .init.delay32    0x003ea8         0x1c c:/program files (x86)/microchip/xc16/v1.36/bin/bin/../../lib\liblega-pic30-elf.a(delay32.Leo)
                  0x003ea8                  ___delay32